// Jest Snapshot v1, https://goo.gl/fbAQLP

exports[`TextInput component renders correctly renders correctly 1`] = `
<div
  className="textInput"
>
  <label>
    Text
    <input
      format="text"
      name="Text"
      onBlur={[Function]}
      onChange={[Function]}
      type="text"
      value="Test Value"
    />
  </label>
</div>
`;
